Microchip MPLAB XC8 Compiler V2.32

Linker command line:

-W-3 --edf=C:\Program Files\Microchip\xc8\v2.32\pic\dat\en_msgs.txt -cn \
  -h+dist/default/production\smt_nco_test.X.production.sym \
  --cmf=dist/default/production\smt_nco_test.X.production.cmf -z -Q16F18446 \
  -oC:\Users\nemet\AppData\Local\Temp\xcAs2kg.4 --defsym=__MPLAB_BUILD=1 \
  -Mdist/default/production/smt_nco_test.X.production.map -E1 \
  -ver=XC8 Compiler --acfsm=1493 -ASTACK=02087h-027EFh -pstack=STACK \
  -ACODE=00h-07FFhx8 -ASTRCODE=00h-03FFFh -ASTRING=00h-0FFhx64 \
  -ACONST=00h-0FFhx64 -AENTRY=00h-0FFhx64 -ACOMMON=070h-07Fh \
  -ABANK0=020h-06Fh -ABANK1=0A0h-0EFh -ABANK2=0120h-016Fh \
  -ABANK3=01A0h-01EFh -ABANK4=0220h-026Fh -ABANK5=02A0h-02EFh \
  -ABANK6=0320h-036Fh -ABANK7=03A0h-03EFh -ABANK8=0420h-046Fh \
  -ABANK9=04A0h-04EFh -ABANK10=0520h-056Fh -ABANK11=05A0h-05EFh \
  -ABANK12=0620h-066Fh -ABANK13=06A0h-06EFh -ABANK14=0720h-076Fh \
  -ABANK15=07A0h-07EFh -ABANK16=0820h-086Fh -ABANK17=08A0h-08EFh \
  -ABANK18=0920h-096Fh -ABANK19=09A0h-09EFh -ABANK20=0A20h-0A6Fh \
  -ABANK21=0AA0h-0AEFh -ABANK22=0B20h-0B6Fh -ABANK23=0BA0h-0BEFh \
  -ABANK24=0C20h-0C6Fh -ABANK25=0CA0h-0CBFh -ABIGRAM=02000h-027EFh \
  -ARAM=020h-06Fh,0A0h-0EFh,0120h-016Fh,01A0h-01EFh,0220h-026Fh,02A0h-02EFh,0320h-036Fh,03A0h-03EFh,0420h-046Fh,04A0h-04EFh,0520h-056Fh,05A0h-05EFh,0620h-066Fh,06A0h-06EFh,0720h-076Fh,07A0h-07EFh,0820h-086Fh,08A0h-08EFh,0920h-096Fh,09A0h-09EFh,0A20h-0A6Fh,0AA0h-0AEFh,0B20h-0B6Fh,0BA0h-0BEFh,0C20h-0C6Fh,0CA0h-0CBFh \
  -AABS1=020h-07Fh,0A0h-0EFh,0120h-016Fh,01A0h-01EFh,0220h-026Fh,02A0h-02EFh,0320h-036Fh,03A0h-03EFh,0420h-046Fh,04A0h-04EFh,0520h-056Fh,05A0h-05EFh,0620h-066Fh,06A0h-06EFh,0720h-076Fh,07A0h-07EFh,0820h-086Fh,08A0h-08EFh,0920h-096Fh,09A0h-09EFh,0A20h-0A6Fh,0AA0h-0AEFh,0B20h-0B6Fh,0BA0h-0BEFh,0C20h-0C6Fh,0CA0h-0CBFh \
  -ASFR0=00h-01Fh -ASFR1=080h-09Fh -ASFR2=0100h-011Fh -ASFR3=0180h-019Fh \
  -ASFR4=0200h-021Fh -ASFR5=0280h-029Fh -ASFR6=0300h-031Fh \
  -ASFR7=0380h-039Fh -ASFR8=0400h-041Fh -ASFR9=0480h-049Fh \
  -ASFR10=0500h-051Fh -ASFR11=0580h-059Fh -ASFR12=0600h-061Fh \
  -ASFR13=0680h-069Fh -ASFR14=0700h-071Fh -ASFR15=0780h-079Fh \
  -ASFR16=0800h-081Fh -ASFR17=0880h-089Fh -ASFR18=0900h-091Fh \
  -ASFR19=0980h-099Fh -ASFR20=0A00h-0A1Fh -ASFR21=0A80h-0A9Fh \
  -ASFR22=0B00h-0B1Fh -ASFR23=0B80h-0B9Fh -ASFR24=0C00h-0C1Fh \
  -ASFR25=0C80h-0C9Fh -ASFR26=0D00h-0D6Fh -ASFR27=0D80h-0DEFh \
  -ASFR28=0E00h-0E6Fh -ASFR29=0E80h-0EEFh -ASFR30=0F00h-0F6Fh \
  -ASFR31=0F80h-0FEFh -ASFR32=01000h-0106Fh -ASFR33=01080h-010EFh \
  -ASFR34=01100h-0116Fh -ASFR35=01180h-011EFh -ASFR36=01200h-0126Fh \
  -ASFR37=01280h-012EFh -ASFR38=01300h-0136Fh -ASFR39=01380h-013EFh \
  -ASFR40=01400h-0146Fh -ASFR41=01480h-014EFh -ASFR42=01500h-0156Fh \
  -ASFR43=01580h-015EFh -ASFR44=01600h-0166Fh -ASFR45=01680h-016EFh \
  -ASFR46=01700h-0176Fh -ASFR47=01780h-017EFh -ASFR48=01800h-0186Fh \
  -ASFR49=01880h-018EFh -ASFR50=01900h-0196Fh -ASFR51=01980h-019EFh \
  -ASFR52=01A00h-01A6Fh -ASFR53=01A80h-01AEFh -ASFR54=01B00h-01B6Fh \
  -ASFR55=01B80h-01BEFh -ASFR56=01C00h-01C6Fh -ASFR57=01C80h-01CEFh \
  -ASFR58=01D00h-01D6Fh -ASFR59=01D80h-01DEFh -ASFR60=01E00h-01E6Fh \
  -ASFR61=01E80h-01EEFh -ASFR62=01F00h-01F6Fh -ASFR63=01F80h-01FEFh \
  -ACONFIG=08007h-0800Bh -DCONFIG=2 -AIDLOC=08000h-08003h -DIDLOC=2 \
  -AEEDATA=00h-0FFh/0F000h -peeprom_data=EEDATA -DEEDATA=2 -DCODE=2 \
  -DSTRCODE=2 -DSTRING=2 -DCONST=2 -DENTRY=2 \
  -preset_vec=00h,intentry=04h,init,end_init -ppowerup=CODE -pcinit=CODE \
  -pfunctab=ENTRY -k C:\Users\nemet\AppData\Local\Temp\xcAs2kg.o \
  dist/default/production\smt_nco_test.X.production.o 

Object code version is 3.11

Machine type is 16F18446



                Name                               Link     Load   Length Selector   Space Scale
C:\Users\nemet\AppData\Local\Temp\xcAs2kg.o
                end_init                             20       20        2        8       0
                reset_vec                             0        0        2        0       0
                config                             8007     8007        5        0       4
                idloc                              8000     8000        4        0       5
dist/default/production\smt_nco_test.X.production.o
                cinit                                22       22        F        8       0
                intentry                              4        4       1C        8       0
                config                             8007     8007        5        0       4
                idloc                              8000     8000        4        0       5
                text28                              E4C      E4C      1B4     1C98       0
                text27                             1667     1667       33     2CCE       0
                text26                              8BB      8BB       AD     1176       0
                text25                             178B     178B       75     2F16       0
                text24                              831      831       8A     1062       0
                text23                             161C     161C       23     2C38       0
                text22                               31       31      257        8       0
                text21                             1572     1572        B     2AE4       0
                text20                              288      288      23F        8       0
                text19                             15DA     15DA       20     2BB4       0
                text18                              4C7      4C7      1DB        8       0
                text17                             15FA     15FA       22     2BF4       0
                text16                              BE1      BE1      101     17C2       0
                text15                              AF7      AF7       EA     15EE       0
                text14                             15C0     15C0       1A     2B80       0
                text13                             1569     1569        9     2AD2       0
                text12                             169A     169A       3F     2D34       0
                text11                             163F     163F       28     2C7E       0
                text10                             15A7     15A7       19     2B4E       0
                text9                              16D9     16D9       56     2DB2       0
                text8                               CE2      CE2      16A     19C4       0
                text7                              172F     172F       5C     2E5E       0
                text6                               6A2      6A2      151        8       0
                text5                               800      800       31     1000       0
                text4                              157D     157D       12     2AFA       0
                text3                               968      968       B8     12D0       0
                text2                              158F     158F       18     2B1E       0
                text1                               7F3      7F3        C        8       0
                maintext                            A20      A20       D7     1440       0
                cstackBANK0                          20       20       4D       20       1
                cstackCOMMON                         70       70        D       70       1
                cstackBANK1                          CF       CF        8       A0       1
                clrtext                            1563     1563        6     2AC6       0
                bssBANK1                             A0       A0       2F       A0       1
                bssBANK0                             6D       6D        2       20       1
                stringtext3                        180C     180C        3     3000       0
                stringtext2                        1809     1809        3     3000       0
                stringtext1                        1800     1800        9     3000       0

TOTAL           Name                               Link     Load   Length     Space
        CLASS   STACK          

        CLASS   CODE           
                end_init                             20       20        2         0
                cinit                                22       22        F         0
                intentry                              4        4       1C         0
                reset_vec                             0        0        2         0
                text28                              E4C      E4C      1B4         0
                text27                             1667     1667       33         0
                text26                              8BB      8BB       AD         0
                text25                             178B     178B       75         0
                text24                              831      831       8A         0
                text23                             161C     161C       23         0
                text22                               31       31      257         0
                text21                             1572     1572        B         0
                text20                              288      288      23F         0
                text19                             15DA     15DA       20         0
                text18                              4C7      4C7      1DB         0
                text17                             15FA     15FA       22         0
                text16                              BE1      BE1      101         0
                text15                              AF7      AF7       EA         0
                text14                             15C0     15C0       1A         0
                text13                             1569     1569        9         0
                text12                             169A     169A       3F         0
                text11                             163F     163F       28         0
                text10                             15A7     15A7       19         0
                text9                              16D9     16D9       56         0
                text8                               CE2      CE2      16A         0
                text7                              172F     172F       5C         0
                text6                               6A2      6A2      151         0
                text5                               800      800       31         0
                text4                              157D     157D       12         0
                text3                               968      968       B8         0
                text2                              158F     158F       18         0
                text1                               7F3      7F3        C         0
                maintext                            A20      A20       D7         0
                clrtext                            1563     1563        6         0

        CLASS   STRCODE        
                stringtext3                        180C     180C        3         0
                stringtext2                        1809     1809        3         0
                stringtext1                        1800     1800        9         0

        CLASS   STRING         

        CLASS   CONST          

        CLASS   ENTRY          

        CLASS   COMMON         
                cstackCOMMON                         70       70        D         1

        CLASS   BANK0          
                cstackBANK0                          20       20       4D         1
                bssBANK0                             6D       6D        2         1

        CLASS   BANK1          
                cstackBANK1                          CF       CF        8         1
                bssBANK1                             A0       A0       2F         1

        CLASS   BANK2          

        CLASS   BANK3          

        CLASS   BANK4          

        CLASS   BANK5          

        CLASS   BANK6          

        CLASS   BANK7          

        CLASS   BANK8          

        CLASS   BANK9          

        CLASS   BANK10         

        CLASS   BANK11         

        CLASS   BANK12         

        CLASS   BANK13         

        CLASS   BANK14         

        CLASS   BANK15         

        CLASS   BANK16         

        CLASS   BANK17         

        CLASS   BANK18         

        CLASS   BANK19         

        CLASS   BANK20         

        CLASS   BANK21         

        CLASS   BANK22         

        CLASS   BANK23         

        CLASS   BANK24         

        CLASS   BANK25         

        CLASS   BIGRAM         

        CLASS   RAM            

        CLASS   ABS1           
                abs_s1                               7E       7E        2         1

        CLASS   SFR0           

        CLASS   SFR1           

        CLASS   SFR2           

        CLASS   SFR3           

        CLASS   SFR4           

        CLASS   SFR5           

        CLASS   SFR6           

        CLASS   SFR7           

        CLASS   SFR8           

        CLASS   SFR9           

        CLASS   SFR10          

        CLASS   SFR11          

        CLASS   SFR12          

        CLASS   SFR13          

        CLASS   SFR14          

        CLASS   SFR15          

        CLASS   SFR16          

        CLASS   SFR17          

        CLASS   SFR18          

        CLASS   SFR19          

        CLASS   SFR20          

        CLASS   SFR21          

        CLASS   SFR22          

        CLASS   SFR23          

        CLASS   SFR24          

        CLASS   SFR25          

        CLASS   SFR26          

        CLASS   SFR27          

        CLASS   SFR28          

        CLASS   SFR29          

        CLASS   SFR30          

        CLASS   SFR31          

        CLASS   SFR32          

        CLASS   SFR33          

        CLASS   SFR34          

        CLASS   SFR35          

        CLASS   SFR36          

        CLASS   SFR37          

        CLASS   SFR38          

        CLASS   SFR39          

        CLASS   SFR40          

        CLASS   SFR41          

        CLASS   SFR42          

        CLASS   SFR43          

        CLASS   SFR44          

        CLASS   SFR45          

        CLASS   SFR46          

        CLASS   SFR47          

        CLASS   SFR48          

        CLASS   SFR49          

        CLASS   SFR50          

        CLASS   SFR51          

        CLASS   SFR52          

        CLASS   SFR53          

        CLASS   SFR54          

        CLASS   SFR55          

        CLASS   SFR56          

        CLASS   SFR57          

        CLASS   SFR58          

        CLASS   SFR59          

        CLASS   SFR60          

        CLASS   SFR61          

        CLASS   SFR62          

        CLASS   SFR63          

        CLASS   CONFIG         
                config                             8007     8007        5         4

        CLASS   IDLOC          
                idloc                              8000     8000        4         5

        CLASS   EEDATA         

        CLASS   BANK63         

        CLASS   BANK62         

        CLASS   BANK61         

        CLASS   BANK60         

        CLASS   BANK59         

        CLASS   BANK58         

        CLASS   BANK57         

        CLASS   BANK56         

        CLASS   BANK55         

        CLASS   BANK54         

        CLASS   BANK53         

        CLASS   BANK52         

        CLASS   BANK51         

        CLASS   BANK50         

        CLASS   BANK49         

        CLASS   BANK48         

        CLASS   BANK47         

        CLASS   BANK46         

        CLASS   BANK45         

        CLASS   BANK44         

        CLASS   BANK43         

        CLASS   BANK42         

        CLASS   BANK41         

        CLASS   BANK40         

        CLASS   BANK39         

        CLASS   BANK38         

        CLASS   BANK37         

        CLASS   BANK36         

        CLASS   BANK35         

        CLASS   BANK34         

        CLASS   BANK33         

        CLASS   BANK32         

        CLASS   BANK31         

        CLASS   BANK30         

        CLASS   BANK29         

        CLASS   BANK28         

        CLASS   BANK27         

        CLASS   BANK26         



SEGMENTS        Name                           Load    Length   Top    Selector   Space  Class     Delta

                reset_vec                      000000  000002  000002         0       0  CODE        2
                intentry                       000004  0007FB  0007FF         8       0  CODE        2
                cstackBANK0                    000020  00004F  00006F        20       1  BANK0       1
                cstackCOMMON                   000070  00000D  00007D        70       1  COMMON      1
                bssBANK1                       0000A0  000037  0000D7        A0       1  BANK1       1
                text5                          000800  000031  000831      1000       0  CODE        2
                text24                         000831  00008A  0008BB      1062       0  CODE        2
                text26                         0008BB  0000AD  000968      1176       0  CODE        2
                text3                          000968  0000B8  000A20      12D0       0  CODE        2
                maintext                       000A20  0000D7  000AF7      1440       0  CODE        2
                text15                         000AF7  0000EA  000BE1      15EE       0  CODE        2
                text16                         000BE1  000101  000CE2      17C2       0  CODE        2
                text8                          000CE2  00016A  000E4C      19C4       0  CODE        2
                text28                         000E4C  0001B4  001000      1C98       0  CODE        2
                clrtext                        001563  000006  001569      2AC6       0  CODE        2
                text13                         001569  000009  001572      2AD2       0  CODE        2
                text21                         001572  00000B  00157D      2AE4       0  CODE        2
                text4                          00157D  000012  00158F      2AFA       0  CODE        2
                text2                          00158F  000018  0015A7      2B1E       0  CODE        2
                text10                         0015A7  000019  0015C0      2B4E       0  CODE        2
                text14                         0015C0  00001A  0015DA      2B80       0  CODE        2
                text19                         0015DA  000020  0015FA      2BB4       0  CODE        2
                text17                         0015FA  000022  00161C      2BF4       0  CODE        2
                text23                         00161C  000023  00163F      2C38       0  CODE        2
                text11                         00163F  000028  001667      2C7E       0  CODE        2
                text27                         001667  000033  00169A      2CCE       0  CODE        2
                text12                         00169A  00003F  0016D9      2D34       0  CODE        2
                text9                          0016D9  000056  00172F      2DB2       0  CODE        2
                text7                          00172F  00005C  00178B      2E5E       0  CODE        2
                text25                         00178B  000075  001800      2F16       0  CODE        2
                stringtext1                    001800  00000F  00180F      3000       0  STRCODE     2


UNUSED ADDRESS RANGES

        Name                Unused          Largest block    Delta
        BANK0            0006F-0006F               1           1
        BANK1            000D7-000EF              19           1
        BANK10           00520-0056F              50           1
        BANK11           005A0-005EF              50           1
        BANK12           00620-0066F              50           1
        BANK13           006A0-006EF              50           1
        BANK14           00720-0076F              50           1
        BANK15           007A0-007EF              50           1
        BANK16           00820-0086F              50           1
        BANK17           008A0-008EF              50           1
        BANK18           00920-0096F              50           1
        BANK19           009A0-009EF              50           1
        BANK2            00120-0016F              50           1
        BANK20           00A20-00A6F              50           1
        BANK21           00AA0-00AEF              50           1
        BANK22           00B20-00B6F              50           1
        BANK23           00BA0-00BEF              50           1
        BANK24           00C20-00C6F              50           1
        BANK25           00CA0-00CBF              20           1
        BANK3            001A0-001EF              50           1
        BANK4            00220-0026F              50           1
        BANK5            002A0-002EF              50           1
        BANK6            00320-0036F              50           1
        BANK7            003A0-003EF              50           1
        BANK8            00420-0046F              50           1
        BANK9            004A0-004EF              50           1
        BIGRAM           02000-027EF             7F0           1
        CODE             00002-00003               2           2
                         007FF-007FF               1
                         01000-01562             563
                         0180F-03FFF             800
        COMMON           0007D-0007D               1           1
        CONST            00002-00003               2           2
                         007FF-007FF               1
                         01000-01562             100
                         0180F-03FFF             100
        EEDATA           0F000-0F0FF             100           2
        ENTRY            00002-00003               2           2
                         007FF-007FF               1
                         01000-01562             100
                         0180F-03FFF             100
        RAM              0006F-0006F               1           1
                         000D7-000EF              19
                         00120-0016F              50
                         001A0-001EF              50
                         00220-0026F              50
                         002A0-002EF              50
                         00320-0036F              50
                         003A0-003EF              50
                         00420-0046F              50
                         004A0-004EF              50
                         00520-0056F              50
                         005A0-005EF              50
                         00620-0066F              50
                         006A0-006EF              50
                         00720-0076F              50
                         007A0-007EF              50
                         00820-0086F              50
                         008A0-008EF              50
                         00920-0096F              50
                         009A0-009EF              50
                         00A20-00A6F              50
                         00AA0-00AEF              50
                         00B20-00B6F              50
                         00BA0-00BEF              50
                         00C20-00C6F              50
                         00CA0-00CBF              20
        SFR0             00000-0001F              20           1
        SFR1             00080-0009F              20           1
        SFR10            00500-0051F              20           1
        SFR11            00580-0059F              20           1
        SFR12            00600-0061F              20           1
        SFR13            00680-0069F              20           1
        SFR14            00700-0071F              20           1
        SFR15            00780-0079F              20           1
        SFR16            00800-0081F              20           1
        SFR17            00880-0089F              20           1
        SFR18            00900-0091F              20           1
        SFR19            00980-0099F              20           1
        SFR2             00100-0011F              20           1
        SFR20            00A00-00A1F              20           1
        SFR21            00A80-00A9F              20           1
        SFR22            00B00-00B1F              20           1
        SFR23            00B80-00B9F              20           1
        SFR24            00C00-00C1F              20           1
        SFR25            00C80-00C9F              20           1
        SFR26            00D00-00D6F              70           1
        SFR27            00D80-00DEF              70           1
        SFR28            00E00-00E6F              70           1
        SFR29            00E80-00EEF              70           1
        SFR3             00180-0019F              20           1
        SFR30            00F00-00F6F              70           1
        SFR31            00F80-00FEF              70           1
        SFR32            01000-0106F              70           1
        SFR33            01080-010EF              70           1
        SFR34            01100-0116F              70           1
        SFR35            01180-011EF              70           1
        SFR36            01200-0126F              70           1
        SFR37            01280-012EF              70           1
        SFR38            01300-0136F              70           1
        SFR39            01380-013EF              70           1
        SFR4             00200-0021F              20           1
        SFR40            01400-0146F              70           1
        SFR41            01480-014EF              70           1
        SFR42            01500-0156F              70           1
        SFR43            01580-015EF              70           1
        SFR44            01600-0166F              70           1
        SFR45            01680-016EF              70           1
        SFR46            01700-0176F              70           1
        SFR47            01780-017EF              70           1
        SFR48            01800-0186F              70           1
        SFR49            01880-018EF              70           1
        SFR5             00280-0029F              20           1
        SFR50            01900-0196F              70           1
        SFR51            01980-019EF              70           1
        SFR52            01A00-01A6F              70           1
        SFR53            01A80-01AEF              70           1
        SFR54            01B00-01B6F              70           1
        SFR55            01B80-01BEF              70           1
        SFR56            01C00-01C6F              70           1
        SFR57            01C80-01CEF              70           1
        SFR58            01D00-01D6F              70           1
        SFR59            01D80-01DEF              70           1
        SFR6             00300-0031F              20           1
        SFR60            01E00-01E6F              70           1
        SFR61            01E80-01EEF              70           1
        SFR62            01F00-01F6F              70           1
        SFR63            01F80-01FEF              70           1
        SFR7             00380-0039F              20           1
        SFR8             00400-0041F              20           1
        SFR9             00480-0049F              20           1
        STACK            02087-027EF             769           1
        STRCODE          00002-00003               2           2
                         007FF-007FF               1
                         01000-01562             563
                         0180F-03FFF            27F1
        STRING           00002-00003               2           2
                         007FF-007FF               1
                         01000-01562             100
                         0180F-03FFF             100

                                  Symbol Table

?__Umul8_16              cstackCOMMON 00071
?___aodiv                cstackBANK0  00020
?___aomod                cstackBANK0  00020
?___fladd                cstackCOMMON 00071
?___fldiv                cstackBANK0  00040
?___flmul                cstackBANK0  00026
?___flneg                cstackCOMMON 00071
?___flsub                cstackBANK0  00028
?___fltol                cstackBANK0  0005A
?___lmul                 cstackCOMMON 00071
?___xxtofl               cstackCOMMON 00071
?_abs                    cstackCOMMON 00074
?_dtoa                   cstackBANK0  00030
?_lroundf                cstackBANK0  00065
?_pad                    cstackBANK0  00027
?_printf                 cstackBANK0  00066
?_roundf                 cstackBANK0  00040
?_strlen                 cstackCOMMON 00071
?_strncmp                cstackCOMMON 00071
?_vfpfcnvrt              cstackBANK0  0004E
?_vfprintf               cstackBANK0  0005E
_ANSELAbits              (abs)        01F38
_ANSELCbits              (abs)        01F4E
_BAUD1CONbits            (abs)        0011F
_CLKRCONbits             (abs)        00895
_INTCONbits              (abs)        0000B
_LATCbits                (abs)        0001A
_NCO1CLKbits             (abs)        00593
_NCO1CONbits             (abs)        00592
_NCO1INCH                (abs)        00590
_NCO1INCL                (abs)        0058F
_NCO1INCU                (abs)        00591
_PIE8bits                (abs)        0071E
_PIR8bits                (abs)        00714
_RB7PPS                  (abs)        01F1F
_RC1STAbits              (abs)        0011D
_RC7PPS                  (abs)        01F27
_SMT1CLKbits             (abs)        0049B
_SMT1CON0bits            (abs)        00498
_SMT1CON1bits            (abs)        00499
_SMT1CPR                 (abs)        0048F
_SMT1PR                  (abs)        00495
_SMT1SIGPPS              (abs)        01EAA
_SPBRGH                  (abs)        0011C
_SPBRGL                  (abs)        0011B
_TRISAbits               (abs)        00012
_TRISBbits               (abs)        00013
_TRISCbits               (abs)        00014
_TX1REG                  (abs)        0011A
_TX1STAbits              (abs)        0011E
__Habs1                  abs1         00000
__Hbank0                 bank0        00000
__Hbank1                 bank1        00000
__Hbank10                bank10       00000
__Hbank11                bank11       00000
__Hbank12                bank12       00000
__Hbank13                bank13       00000
__Hbank14                bank14       00000
__Hbank15                bank15       00000
__Hbank16                bank16       00000
__Hbank17                bank17       00000
__Hbank18                bank18       00000
__Hbank19                bank19       00000
__Hbank2                 bank2        00000
__Hbank20                bank20       00000
__Hbank21                bank21       00000
__Hbank22                bank22       00000
__Hbank23                bank23       00000
__Hbank24                bank24       00000
__Hbank25                bank25       00000
__Hbank26                bank26       00000
__Hbank27                bank27       00000
__Hbank28                bank28       00000
__Hbank29                bank29       00000
__Hbank3                 bank3        00000
__Hbank30                bank30       00000
__Hbank31                bank31       00000
__Hbank32                bank32       00000
__Hbank33                bank33       00000
__Hbank34                bank34       00000
__Hbank35                bank35       00000
__Hbank36                bank36       00000
__Hbank37                bank37       00000
__Hbank38                bank38       00000
__Hbank39                bank39       00000
__Hbank4                 bank4        00000
__Hbank40                bank40       00000
__Hbank41                bank41       00000
__Hbank42                bank42       00000
__Hbank43                bank43       00000
__Hbank44                bank44       00000
__Hbank45                bank45       00000
__Hbank46                bank46       00000
__Hbank47                bank47       00000
__Hbank48                bank48       00000
__Hbank49                bank49       00000
__Hbank5                 bank5        00000
__Hbank50                bank50       00000
__Hbank51                bank51       00000
__Hbank52                bank52       00000
__Hbank53                bank53       00000
__Hbank54                bank54       00000
__Hbank55                bank55       00000
__Hbank56                bank56       00000
__Hbank57                bank57       00000
__Hbank58                bank58       00000
__Hbank59                bank59       00000
__Hbank6                 bank6        00000
__Hbank60                bank60       00000
__Hbank61                bank61       00000
__Hbank62                bank62       00000
__Hbank63                bank63       00000
__Hbank7                 bank7        00000
__Hbank8                 bank8        00000
__Hbank9                 bank9        00000
__Hbigram                bigram       00000
__HbssBANK0              bssBANK0     00000
__HbssBANK1              bssBANK1     00000
__Hcinit                 cinit        00031
__Hclrtext               clrtext      00000
__Hcode                  code         00000
__Hcommon                common       00000
__Hconfig                config       0800C
__HcstackBANK0           cstackBANK0  00000
__HcstackBANK1           cstackBANK1  00000
__HcstackCOMMON          cstackCOMMON 00000
__Heeprom_data           eeprom_data  00000
__Hend_init              end_init     00022
__Hfunctab               functab      00000
__Hidloc                 idloc        08004
__Hinit                  init         00020
__Hintentry              intentry     00020
__Hmaintext              maintext     00000
__Hpowerup               powerup      00000
__Hram                   ram          00000
__Hreset_vec             reset_vec    00002
__Hsfr0                  sfr0         00000
__Hsfr1                  sfr1         00000
__Hsfr10                 sfr10        00000
__Hsfr11                 sfr11        00000
__Hsfr12                 sfr12        00000
__Hsfr13                 sfr13        00000
__Hsfr14                 sfr14        00000
__Hsfr15                 sfr15        00000
__Hsfr16                 sfr16        00000
__Hsfr17                 sfr17        00000
__Hsfr18                 sfr18        00000
__Hsfr19                 sfr19        00000
__Hsfr2                  sfr2         00000
__Hsfr20                 sfr20        00000
__Hsfr21                 sfr21        00000
__Hsfr22                 sfr22        00000
__Hsfr23                 sfr23        00000
__Hsfr24                 sfr24        00000
__Hsfr25                 sfr25        00000
__Hsfr26                 sfr26        00000
__Hsfr27                 sfr27        00000
__Hsfr28                 sfr28        00000
__Hsfr29                 sfr29        00000
__Hsfr3                  sfr3         00000
__Hsfr30                 sfr30        00000
__Hsfr31                 sfr31        00000
__Hsfr32                 sfr32        00000
__Hsfr33                 sfr33        00000
__Hsfr34                 sfr34        00000
__Hsfr35                 sfr35        00000
__Hsfr36                 sfr36        00000
__Hsfr37                 sfr37        00000
__Hsfr38                 sfr38        00000
__Hsfr39                 sfr39        00000
__Hsfr4                  sfr4         00000
__Hsfr40                 sfr40        00000
__Hsfr41                 sfr41        00000
__Hsfr42                 sfr42        00000
__Hsfr43                 sfr43        00000
__Hsfr44                 sfr44        00000
__Hsfr45                 sfr45        00000
__Hsfr46                 sfr46        00000
__Hsfr47                 sfr47        00000
__Hsfr48                 sfr48        00000
__Hsfr49                 sfr49        00000
__Hsfr5                  sfr5         00000
__Hsfr50                 sfr50        00000
__Hsfr51                 sfr51        00000
__Hsfr52                 sfr52        00000
__Hsfr53                 sfr53        00000
__Hsfr54                 sfr54        00000
__Hsfr55                 sfr55        00000
__Hsfr56                 sfr56        00000
__Hsfr57                 sfr57        00000
__Hsfr58                 sfr58        00000
__Hsfr59                 sfr59        00000
__Hsfr6                  sfr6         00000
__Hsfr60                 sfr60        00000
__Hsfr61                 sfr61        00000
__Hsfr62                 sfr62        00000
__Hsfr63                 sfr63        00000
__Hsfr7                  sfr7         00000
__Hsfr8                  sfr8         00000
__Hsfr9                  sfr9         00000
__Hspace_0               (abs)        0180F
__Hspace_1               (abs)        000D7
__Hspace_2               (abs)        00000
__Hspace_3               (abs)        00000
__Hspace_4               (abs)        10013
__Hstack                 stack        00000
__Hstrings               strings      00000
__Hstringtext1           stringtext1  00000
__Hstringtext2           stringtext2  00000
__Hstringtext3           stringtext3  00000
__Hstringtext4           stringtext4  00000
__Htext                  text         00000
__Labs1                  abs1         00000
__Lbank0                 bank0        00000
__Lbank1                 bank1        00000
__Lbank10                bank10       00000
__Lbank11                bank11       00000
__Lbank12                bank12       00000
__Lbank13                bank13       00000
__Lbank14                bank14       00000
__Lbank15                bank15       00000
__Lbank16                bank16       00000
__Lbank17                bank17       00000
__Lbank18                bank18       00000
__Lbank19                bank19       00000
__Lbank2                 bank2        00000
__Lbank20                bank20       00000
__Lbank21                bank21       00000
__Lbank22                bank22       00000
__Lbank23                bank23       00000
__Lbank24                bank24       00000
__Lbank25                bank25       00000
__Lbank26                bank26       00000
__Lbank27                bank27       00000
__Lbank28                bank28       00000
__Lbank29                bank29       00000
__Lbank3                 bank3        00000
__Lbank30                bank30       00000
__Lbank31                bank31       00000
__Lbank32                bank32       00000
__Lbank33                bank33       00000
__Lbank34                bank34       00000
__Lbank35                bank35       00000
__Lbank36                bank36       00000
__Lbank37                bank37       00000
__Lbank38                bank38       00000
__Lbank39                bank39       00000
__Lbank4                 bank4        00000
__Lbank40                bank40       00000
__Lbank41                bank41       00000
__Lbank42                bank42       00000
__Lbank43                bank43       00000
__Lbank44                bank44       00000
__Lbank45                bank45       00000
__Lbank46                bank46       00000
__Lbank47                bank47       00000
__Lbank48                bank48       00000
__Lbank49                bank49       00000
__Lbank5                 bank5        00000
__Lbank50                bank50       00000
__Lbank51                bank51       00000
__Lbank52                bank52       00000
__Lbank53                bank53       00000
__Lbank54                bank54       00000
__Lbank55                bank55       00000
__Lbank56                bank56       00000
__Lbank57                bank57       00000
__Lbank58                bank58       00000
__Lbank59                bank59       00000
__Lbank6                 bank6        00000
__Lbank60                bank60       00000
__Lbank61                bank61       00000
__Lbank62                bank62       00000
__Lbank63                bank63       00000
__Lbank7                 bank7        00000
__Lbank8                 bank8        00000
__Lbank9                 bank9        00000
__Lbigram                bigram       00000
__LbssBANK0              bssBANK0     00000
__LbssBANK1              bssBANK1     00000
__Lcinit                 cinit        00022
__Lclrtext               clrtext      00000
__Lcode                  code         00000
__Lcommon                common       00000
__Lconfig                config       00000
__LcstackBANK0           cstackBANK0  00000
__LcstackBANK1           cstackBANK1  00000
__LcstackCOMMON          cstackCOMMON 00000
__Leeprom_data           eeprom_data  00000
__Lend_init              end_init     00020
__Lfunctab               functab      00000
__Lidloc                 idloc        00000
__Linit                  init         00020
__Lintentry              intentry     00004
__Lmaintext              maintext     00000
__Lpowerup               powerup      00000
__Lram                   ram          00000
__Lreset_vec             reset_vec    00000
__Lsfr0                  sfr0         00000
__Lsfr1                  sfr1         00000
__Lsfr10                 sfr10        00000
__Lsfr11                 sfr11        00000
__Lsfr12                 sfr12        00000
__Lsfr13                 sfr13        00000
__Lsfr14                 sfr14        00000
__Lsfr15                 sfr15        00000
__Lsfr16                 sfr16        00000
__Lsfr17                 sfr17        00000
__Lsfr18                 sfr18        00000
__Lsfr19                 sfr19        00000
__Lsfr2                  sfr2         00000
__Lsfr20                 sfr20        00000
__Lsfr21                 sfr21        00000
__Lsfr22                 sfr22        00000
__Lsfr23                 sfr23        00000
__Lsfr24                 sfr24        00000
__Lsfr25                 sfr25        00000
__Lsfr26                 sfr26        00000
__Lsfr27                 sfr27        00000
__Lsfr28                 sfr28        00000
__Lsfr29                 sfr29        00000
__Lsfr3                  sfr3         00000
__Lsfr30                 sfr30        00000
__Lsfr31                 sfr31        00000
__Lsfr32                 sfr32        00000
__Lsfr33                 sfr33        00000
__Lsfr34                 sfr34        00000
__Lsfr35                 sfr35        00000
__Lsfr36                 sfr36        00000
__Lsfr37                 sfr37        00000
__Lsfr38                 sfr38        00000
__Lsfr39                 sfr39        00000
__Lsfr4                  sfr4         00000
__Lsfr40                 sfr40        00000
__Lsfr41                 sfr41        00000
__Lsfr42                 sfr42        00000
__Lsfr43                 sfr43        00000
__Lsfr44                 sfr44        00000
__Lsfr45                 sfr45        00000
__Lsfr46                 sfr46        00000
__Lsfr47                 sfr47        00000
__Lsfr48                 sfr48        00000
__Lsfr49                 sfr49        00000
__Lsfr5                  sfr5         00000
__Lsfr50                 sfr50        00000
__Lsfr51                 sfr51        00000
__Lsfr52                 sfr52        00000
__Lsfr53                 sfr53        00000
__Lsfr54                 sfr54        00000
__Lsfr55                 sfr55        00000
__Lsfr56                 sfr56        00000
__Lsfr57                 sfr57        00000
__Lsfr58                 sfr58        00000
__Lsfr59                 sfr59        00000
__Lsfr6                  sfr6         00000
__Lsfr60                 sfr60        00000
__Lsfr61                 sfr61        00000
__Lsfr62                 sfr62        00000
__Lsfr63                 sfr63        00000
__Lsfr7                  sfr7         00000
__Lsfr8                  sfr8         00000
__Lsfr9                  sfr9         00000
__Lspace_0               (abs)        00000
__Lspace_1               (abs)        00000
__Lspace_2               (abs)        00000
__Lspace_3               (abs)        00000
__Lspace_4               (abs)        00000
__Lstack                 stack        00000
__Lstrings               strings      00000
__Lstringtext1           stringtext1  00000
__Lstringtext2           stringtext2  00000
__Lstringtext3           stringtext3  00000
__Lstringtext4           stringtext4  00000
__Ltext                  text         00000
__S0                     (abs)        0180F
__S1                     (abs)        000D7
__S2                     (abs)        00000
__S3                     (abs)        00000
__Umul8_16               text23       0161C
__Umul8_16@multiplicand  cstackCOMMON 00071
__Umul8_16@multiplier    cstackCOMMON 00079
__Umul8_16@product       cstackCOMMON 00075
__Umul8_16@word_mpld     cstackCOMMON 00077
___aodiv                 text16       00BE1
___aodiv@counter         cstackCOMMON 00072
___aodiv@dividend        cstackBANK0  00028
___aodiv@divisor         cstackBANK0  00020
___aodiv@quotient        cstackCOMMON 00074
___aodiv@sign            cstackCOMMON 00073
___aomod                 text15       00AF7
___aomod@counter         cstackCOMMON 00072
___aomod@dividend        cstackBANK0  00028
___aomod@divisor         cstackBANK0  00020
___aomod@sign            cstackCOMMON 00073
___fladd                 text20       00288
___fladd@a               cstackCOMMON 00075
___fladd@aexp            cstackCOMMON 0007A
___fladd@b               cstackCOMMON 00071
___fladd@bexp            cstackCOMMON 0007B
___fladd@grs             cstackCOMMON 0007C
___fladd@signs           cstackCOMMON 00079
___fldiv                 text28       00E4C
___fldiv@a               cstackBANK0  00040
___fldiv@aexp            cstackBANK0  00059
___fldiv@b               cstackBANK0  00044
___fldiv@bexp            cstackBANK0  00058
___fldiv@grs             cstackBANK0  00054
___fldiv@new_exp         cstackBANK0  00052
___fldiv@rem             cstackBANK0  0004D
___fldiv@sign            cstackBANK0  00051
___flge                  text24       00831
___flge@ff1              cstackCOMMON 00071
___flge@ff2              cstackCOMMON 00075
___flmul                 text22       00031
___flmul@a               cstackBANK0  0002A
___flmul@aexp            cstackBANK0  00038
___flmul@b               cstackBANK0  00026
___flmul@bexp            cstackBANK0  00039
___flmul@grs             cstackBANK0  00034
___flmul@prod            cstackBANK0  0003A
___flmul@sign            cstackBANK0  00033
___flmul@temp            cstackBANK0  0003E
___flneg                 text21       01572
___flneg@f1              cstackCOMMON 00071
___flsub                 text19       015DA
___flsub@a               cstackBANK0  00028
___flsub@b               cstackBANK0  0002C
___fltol                 text25       0178B
___fltol@exp1            cstackBANK0  00064
___fltol@f1              cstackBANK0  0005A
___fltol@sign1           cstackBANK0  00063
___int_sp                stack        00000
___latbits               (abs)        00003
___lmul                  text27       01667
___lmul@multiplicand     cstackCOMMON 00075
___lmul@multiplier       cstackCOMMON 00071
___lmul@product          cstackCOMMON 00079
___sp                    stack        00000
___stackhi               (abs)        027EF
___stacklo               (abs)        02087
___xxtofl                text26       008BB
___xxtofl@arg            cstackBANK0  00022
___xxtofl@exp            cstackBANK0  00021
___xxtofl@sign           cstackBANK0  00020
___xxtofl@val            cstackCOMMON 00071
__end_of__Umul8_16       text23       0163F
__end_of___aodiv         text16       00CE2
__end_of___aomod         text15       00BE1
__end_of___fladd         text20       004C7
__end_of___fldiv         text28       01000
__end_of___flge          text24       008BB
__end_of___flmul         text22       00288
__end_of___flneg         text21       0157D
__end_of___flsub         text19       015FA
__end_of___fltol         text25       01800
__end_of___lmul          text27       0169A
__end_of___xxtofl        text26       00968
__end_of__initialization cinit        0002D
__end_of_abs             text14       015DA
__end_of_dtoa            text8        00E4C
__end_of_fputc           text12       016D9
__end_of_fputs           text11       01667
__end_of_lroundf         text17       0161C
__end_of_main            maintext     00AF7
__end_of_myIsr           intentry     00020
__end_of_pad             text9        0172F
__end_of_printf          text4        0158F
__end_of_putch           text13       01572
__end_of_roundf          text18       006A2
__end_of_setNcoFreq      text3        00A20
__end_of_smt_init        text2        015A7
__end_of_strlen          text10       015C0
__end_of_strncmp         text7        0178B
__end_of_toint           stringtext1  01804
__end_of_uart_init       text1        007FF
__end_of_vfpfcnvrt       text6        007F3
__end_of_vfprintf        text5        00831
__initialization         cinit        00022
__pbssBANK0              bssBANK0     0006D
__pbssBANK1              bssBANK1     000A0
__pcstackBANK0           cstackBANK0  00020
__pcstackBANK1           cstackBANK1  000CF
__pcstackCOMMON          cstackCOMMON 00070
__pintentry              intentry     00004
__pmaintext              maintext     00A20
__pstringtext1           stringtext1  01800
__pstringtext2           stringtext2  01809
__pstringtext3           stringtext3  0180C
__pstringtext4           stringtext4  00000
__ptext1                 text1        007F3
__ptext10                text10       015A7
__ptext11                text11       0163F
__ptext12                text12       0169A
__ptext13                text13       01569
__ptext14                text14       015C0
__ptext15                text15       00AF7
__ptext16                text16       00BE1
__ptext17                text17       015FA
__ptext18                text18       004C7
__ptext19                text19       015DA
__ptext2                 text2        0158F
__ptext20                text20       00288
__ptext21                text21       01572
__ptext22                text22       00031
__ptext23                text23       0161C
__ptext24                text24       00831
__ptext25                text25       0178B
__ptext26                text26       008BB
__ptext27                text27       01667
__ptext28                text28       00E4C
__ptext3                 text3        00968
__ptext4                 text4        0157D
__ptext5                 text5        00800
__ptext6                 text6        006A2
__ptext7                 text7        0172F
__ptext8                 text8        00CE2
__ptext9                 text9        016D9
__size_of__Umul8_16      (abs)        00000
__size_of___aodiv        (abs)        00000
__size_of___aomod        (abs)        00000
__size_of___fladd        (abs)        00000
__size_of___fldiv        (abs)        00000
__size_of___flge         (abs)        00000
__size_of___flmul        (abs)        00000
__size_of___flneg        (abs)        00000
__size_of___flsub        (abs)        00000
__size_of___fltol        (abs)        00000
__size_of___lmul         (abs)        00000
__size_of___xxtofl       (abs)        00000
__size_of_abs            (abs)        00000
__size_of_dtoa           (abs)        00000
__size_of_fputc          (abs)        00000
__size_of_fputs          (abs)        00000
__size_of_lroundf        (abs)        00000
__size_of_main           (abs)        00000
__size_of_myIsr          (abs)        00000
__size_of_pad            (abs)        00000
__size_of_printf         (abs)        00000
__size_of_putch          (abs)        00000
__size_of_roundf         (abs)        00000
__size_of_setNcoFreq     (abs)        00000
__size_of_smt_init       (abs)        00000
__size_of_strlen         (abs)        00000
__size_of_strncmp        (abs)        00000
__size_of_uart_init      (abs)        00000
__size_of_vfpfcnvrt      (abs)        00000
__size_of_vfprintf       (abs)        00000
_abs                     text14       015C0
_dataAvailable           bssBANK1     000AE
_dbuf                    bssBANK1     000AF
_dtoa                    text8        00CE2
_dtoa$1139               cstackBANK0  0003B
_flags                   bssBANK0     0006D
_fputc                   text12       0169A
_fputs                   text11       0163F
_lroundf                 text17       015FA
_main                    maintext     00A20
_main$1393               cstackBANK1  000CF
_myIsr                   intentry     00004
_nout                    bssBANK1     000A8
_pad                     text9        016D9
_prec                    bssBANK1     000AC
_printf                  text4        0157D
_putch                   text13       01569
_roundf                  text18       004C7
_roundf$1394             cstackBANK0  0004E
_roundf$1395             cstackBANK0  00048
_setNcoFreq              text3        00968
_smt2Value               bssBANK1     000A4
_smt_init                text2        0158F
_strlen                  text10       015A7
_strncmp                 text7        0172F
_uart_init               text1        007F3
_vfpfcnvrt               text6        006A2
_vfprintf                text5        00800
_width                   bssBANK1     000AA
abs@a                    cstackCOMMON 00074
btemp                    (abs)        0007E
clear_ram0               clrtext      01563
dtoa@d                   cstackBANK0  00030
dtoa@fp                  cstackBANK0  0003F
dtoa@i                   cstackBANK0  0004C
dtoa@n                   cstackBANK0  00044
dtoa@p                   cstackBANK0  0003D
dtoa@s                   cstackBANK0  00042
dtoa@w                   cstackBANK0  00040
end_of_initialization    cinit        0002D
fputc@c                  cstackCOMMON 00072
fputc@fp                 cstackCOMMON 00074
fputs@c                  cstackBANK0  00023
fputs@fp                 cstackCOMMON 0007A
fputs@i                  cstackBANK0  00024
fputs@s                  cstackBANK0  00026
int$flags                (abs)        0007E
intlevel0                functab      00000
intlevel1                functab      00000
intlevel2                functab      00000
intlevel3                functab      00000
intlevel4                functab      00000
intlevel5                functab      00000
lroundf@x                cstackBANK0  00065
main@temp                cstackBANK1  000D3
pad@buf                  cstackBANK0  00027
pad@fp                   cstackBANK0  0002E
pad@i                    cstackBANK0  0002A
pad@p                    cstackBANK0  00028
pad@w                    cstackBANK0  0002C
printf@ap                cstackBANK0  0006C
printf@fmt               cstackBANK0  00066
putch@c                  cstackCOMMON 00071
reset_vec                reset_vec    00000
roundf@F528              bssBANK1     000A0
roundf@e                 cstackBANK0  0004C
roundf@u                 cstackBANK0  00052
roundf@x                 cstackBANK0  00040
roundf@y                 cstackBANK0  00056
setNcoFreq@a             cstackBANK0  0003C
setNcoFreq@b             cstackBANK0  00040
setNcoFreq@c             cstackBANK0  00044
setNcoFreq@freq          cstackBANK0  00030
setNcoFreq@temp          cstackBANK0  00048
start                    init         00020
start_initialization     cinit        00022
strlen@a                 cstackCOMMON 00074
strlen@s                 cstackCOMMON 00075
strncmp@_l               cstackCOMMON 00071
strncmp@_r               cstackCOMMON 00073
strncmp@l                cstackCOMMON 00078
strncmp@n                cstackCOMMON 00075
strncmp@r                cstackCOMMON 0007A
vfpfcnvrt@ap             cstackBANK0  0004F
vfpfcnvrt@fmt            cstackBANK0  0004E
vfpfcnvrt@fp             cstackBANK0  0005D
vfpfcnvrt@ll             cstackBANK0  00055
vfprintf@ap              cstackBANK0  00060
vfprintf@cfmt            cstackBANK0  00064
vfprintf@fmt             cstackBANK0  0005E
vfprintf@fp              cstackBANK0  00063
wtemp0                   (abs)        0007E


MODULE INFORMATION

Module		Function		Class		Link	Load	Size
C:\Program Files\Microchip\xc8\v2.32\pic\sources\c99\common\lroundf.c
		_lroundf       		CODE           	15FA	0000	34

C:\Program Files\Microchip\xc8\v2.32\pic\sources\c99\common\lroundf.c estimated size: 34

C:\Program Files\Microchip\xc8\v2.32\pic\sources\c99\common\sprcadd.c
		___flsub       		CODE           	15DA	0000	32
		___fladd       		CODE           	0288	0000	575

C:\Program Files\Microchip\xc8\v2.32\pic\sources\c99\common\sprcadd.c estimated size: 607

C:\Program Files\Microchip\xc8\v2.32\pic\sources\c99\common\doprnt.c
		_vfpfcnvrt     		CODE           	06A2	0000	337
		_pad           		CODE           	16D9	0000	86
		_dtoa          		CODE           	0CE2	0000	362
		_vfprintf      		CODE           	0800	0000	49

C:\Program Files\Microchip\xc8\v2.32\pic\sources\c99\common\doprnt.c estimated size: 834

C:\Program Files\Microchip\xc8\v2.32\pic\sources\c99\common\flneg.c
		___flneg       		CODE           	1572	0000	11

C:\Program Files\Microchip\xc8\v2.32\pic\sources\c99\common\flneg.c estimated size: 11

newmain.c
		_putch         		CODE           	1569	0000	9
		_main          		CODE           	0A20	0000	215
		_uart_init     		CODE           	07F3	0000	12
		_myIsr         		CODE           	0004	0000	28
		_setNcoFreq    		CODE           	0968	0000	184
		_smt_init      		CODE           	158F	0000	24

newmain.c estimated size: 472

C:\Program Files\Microchip\xc8\v2.32\pic\sources\c99\common\nf_fputs.c
		_fputs         		CODE           	163F	0000	40

C:\Program Files\Microchip\xc8\v2.32\pic\sources\c99\common\nf_fputs.c estimated size: 40

C:\Program Files\Microchip\xc8\v2.32\pic\sources\c99\common\abs.c
		_abs           		CODE           	15C0	0000	26

C:\Program Files\Microchip\xc8\v2.32\pic\sources\c99\common\abs.c estimated size: 26

C:\Program Files\Microchip\xc8\v2.32\pic\sources\c99\common\aomod.c
		___aomod       		CODE           	0AF7	0000	234

C:\Program Files\Microchip\xc8\v2.32\pic\sources\c99\common\aomod.c estimated size: 234

C:\Program Files\Microchip\xc8\v2.32\pic\sources\c99\common\strncmp.c
		_strncmp       		CODE           	172F	0000	92

C:\Program Files\Microchip\xc8\v2.32\pic\sources\c99\common\strncmp.c estimated size: 92

shared
		__initialization		CODE           	0022	0000	11
		_toint         		STRCODE        	0000	0000	0

shared estimated size: 11

C:\Program Files\Microchip\xc8\v2.32\pic\sources\c99\common\sprcmul.c
		___flmul       		CODE           	0031	0000	599

C:\Program Files\Microchip\xc8\v2.32\pic\sources\c99\common\sprcmul.c estimated size: 599

C:\Program Files\Microchip\xc8\v2.32\pic\sources\c99\common\sprcdiv.c
		___fldiv       		CODE           	0E4C	0000	436

C:\Program Files\Microchip\xc8\v2.32\pic\sources\c99\common\sprcdiv.c estimated size: 436

C:\Program Files\Microchip\xc8\v2.32\pic\sources\c99\common\Umul8_16.c
		__Umul8_16     		CODE           	161C	0000	35

C:\Program Files\Microchip\xc8\v2.32\pic\sources\c99\common\Umul8_16.c estimated size: 35

C:\Program Files\Microchip\xc8\v2.32\pic\sources\c99\common\roundf.c
		_roundf        		CODE           	04C7	0000	475

C:\Program Files\Microchip\xc8\v2.32\pic\sources\c99\common\roundf.c estimated size: 475

C:\Program Files\Microchip\xc8\v2.32\pic\sources\c99\common\Umul32.c
		___lmul        		CODE           	1667	0000	51

C:\Program Files\Microchip\xc8\v2.32\pic\sources\c99\common\Umul32.c estimated size: 51

C:\Program Files\Microchip\xc8\v2.32\pic\sources\c99\common\fltol.c
		___fltol       		CODE           	178B	0000	117

C:\Program Files\Microchip\xc8\v2.32\pic\sources\c99\common\fltol.c estimated size: 117

C:\Program Files\Microchip\xc8\v2.32\pic\sources\c99\common\xxtofl.c
		___xxtofl      		CODE           	08BB	0000	173

C:\Program Files\Microchip\xc8\v2.32\pic\sources\c99\common\xxtofl.c estimated size: 173

C:\Program Files\Microchip\xc8\v2.32\pic\sources\c99\common\printf.c
		_printf        		CODE           	157D	0000	18

C:\Program Files\Microchip\xc8\v2.32\pic\sources\c99\common\printf.c estimated size: 18

C:\Program Files\Microchip\xc8\v2.32\pic\sources\c99\common\nf_fputc.c
		_fputc         		CODE           	169A	0000	63

C:\Program Files\Microchip\xc8\v2.32\pic\sources\c99\common\nf_fputc.c estimated size: 63

C:\Program Files\Microchip\xc8\v2.32\pic\sources\c99\common\aodiv.c
		___aodiv       		CODE           	0BE1	0000	257

C:\Program Files\Microchip\xc8\v2.32\pic\sources\c99\common\aodiv.c estimated size: 257

C:\Program Files\Microchip\xc8\v2.32\pic\sources\c99\common\strlen.c
		_strlen        		CODE           	15A7	0000	25

C:\Program Files\Microchip\xc8\v2.32\pic\sources\c99\common\strlen.c estimated size: 25

C:\Program Files\Microchip\xc8\v2.32\pic\sources\c99\common\flge.c
		___flge        		CODE           	0831	0000	138

C:\Program Files\Microchip\xc8\v2.32\pic\sources\c99\common\flge.c estimated size: 138

